bash-3.2$ ygbhkj
bash: ygbhkj: command not found
bash-3.2$ $?
bash: 127: command not found
bash-3.2$ 


bash-3.2$ ./ls
bash: ./ls: Permission denied
bash-3.2$ exit (ctr+d)
bash-3.2$ $?
bash: 126: command not found
bash-3.2$ 

bash-3.2$ unset cd
bash-3.2$ unset HOME
bash-3.2$ cd
bash: cd: HOME not set
bash-3.2$ $?
bash: 1: command not found

bash-3.2$ exit 54 5 4
exit
bash: exit: too many arguments
bash-3.2$ $?
bash: 1: command not found