
bash-3.2$ <pipe.c ls < x 
bash: pipe.c: No such file or directory
//

bash-3.2$ < pipe.c ls > x 
bash: pipe.c: No such file or directory
//
bash-3.2$ ls > x  <f
bash: f: No such file or directory
//

bash-3.2$ ls > tets

//
bash-3.2$ ls > x | grep
usage: grep [-abcDEFGHhIiJLlmnOoqRSsUVvwxZ] [-A num] [-B num] [-C[num]]
        [-e pattern] [-f file] [--binary-files=value] [--color=when]
        [--context[=num]] [--directories=action] [--label] [--line-buffered]
        [--null] [pattern] [file ...]

//


<cd.c < echo.c < env.c cat >x >y >z < pwd.c

//